.next/dev/types/validator.ts(72,31): error TS2344: Type 'typeof import("D:/spantra solutions/my-app/src/app/articles/page")' does not satisfy the constraint 'AppPageConfig<"/articles">'.
  Property 'default' is missing in type 'typeof import("D:/spantra solutions/my-app/src/app/articles/page")' but required in type 'AppPageConfig<"/articles">'.
.next/types/validator.ts(72,31): error TS2344: Type 'typeof import("D:/spantra solutions/my-app/src/app/articles/page")' does not satisfy the constraint 'AppPageConfig<"/articles">'.
  Property 'default' is missing in type 'typeof import("D:/spantra solutions/my-app/src/app/articles/page")' but required in type 'AppPageConfig<"/articles">'.
